Using network 'development'.


Compiling your contracts...
===========================
> Compiling .\src\ethereum\contracts\Marketplace.sol
> Compilation warnings encountered:

    project:/src/ethereum/contracts/Marketplace.sol:40:5: Warning: Visibility for constructor is ignored. If you want the contract to be non-deployable, making it "abstract" is sufficient.
    constructor() public {
    ^ (Relevant source part starts here and spans across multiple lines).

> Artifacts written to C:\Users\deena\AppData\Local\Temp\test--18876-GqBjZAFr3HZB
> Compiled successfully using:
   - solc: 0.7.0+commit.9e61f92b.Emscripten.clang

[0m[0m
[0m  Contract: Marketplace[0m
[0m    deployment[0m
    [32m  √[0m[90m deploys successfully[0m
    [32m  √[0m[90m has a name[0m
[0m    createProduct()[0m
    [32m  √[0m[90m creates a product[0m[31m (413ms)[0m
    [32m  √[0m[90m lists the product[0m
[0m    purchaseProduct()[0m
    [32m  √[0m[90m purchases a product[0m[31m (202ms)[0m


[92m [0m[32m 5 passing[0m[90m (849ms)[0m

